// Jest Snapshot v1, https://goo.gl/fbAQLP

exports[`renders correctly 1`] = `
.c0 {
  width: 100%;
  padding-bottom: 100%;
  position: relative;
}

<div
  className="c0"
/>
`;
