// Jest Snapshot v1, https://goo.gl/fbAQLP

exports[`renders correctly 1`] = `
.c1 {
  color: #ffffff;
  padding: 0;
  padding-bottom: 0.8rem;
  display: -webkit-box;
  display: -webkit-flex;
  display: -ms-flexbox;
  display: flex;
  -webkit-box-pack: center;
  -webkit-justify-content: center;
  -ms-flex-pack: center;
  justify-content: center;
  -webkit-align-items: flex-end;
  -webkit-box-align: flex-end;
  -ms-flex-align: flex-end;
  align-items: flex-end;
  width: 10rem;
  height: 2rem;
  border: none;
  cursor: pointer;
  outline: none;
  -webkit-transform: rotateX(180deg);
  -ms-transform: rotateX(180deg);
  transform: rotateX(180deg);
  -webkit-transform-origin: top center;
  -ms-transform-origin: top center;
  transform-origin: top center;
  -webkit-transition: all 0.4s ease-in-out;
  transition: all 0.4s ease-in-out;
}

.c0 {
  width: 100%;
  display: -webkit-box;
  display: -webkit-flex;
  display: -ms-flexbox;
  display: flex;
  -webkit-box-pack: center;
  -webkit-justify-content: center;
  -ms-flex-pack: center;
  justify-content: center;
  position: absolute;
  left: 0;
}

<div
  className="c0"
>
  <button
    aria-label="Toggle filters"
    className="c1"
    onClick={[MockFunction]}
    type="button"
  >
    <svg
      height="12"
      viewBox="0 0 24 12"
      width="24"
      xmlns="http://www.w3.org/2000/svg"
    >
      <path
        d="M0 0h24L12 12 0 0z"
        fill="currentColor"
      />
      <path
        d="M6 0h12l-6 6-6-6z"
        fill="#3d26da"
      />
    </svg>
  </button>
</div>
`;
