// Jest Snapshot v1, https://goo.gl/fbAQLP

exports[`renders correctly 1`] = `
.c0 {
  background: rgba(61,38,218,0.1);
}

<div
  className="c0"
/>
`;
