// Jest Snapshot v1, https://goo.gl/fbAQLP

exports[`renders correctly 1`] = `
.c0 {
  position: absolute;
  z-index: 9999;
  top: 0.8rem;
  left: -1.8rem;
}

<span
  className="c0"
/>
`;
