// Jest Snapshot v1, https://goo.gl/fbAQLP

exports[`renders correctly 1`] = `
.c0 {
  font-weight: 600;
}

<strong
  className="c0"
/>
`;
