// Jest Snapshot v1, https://goo.gl/fbAQLP

exports[`renders correctly 1`] = `
.c0 {
  line-height: 1;
  border: none;
  outline: none;
  width: 25rem;
  height: 5rem;
  background: rgba(61,38,218,0.1);
  line-height: 1;
  padding: 1.6rem 6rem 0 1rem;
  border-top: 4px solid transparent;
  -webkit-transition: border-top 0.15s linear 0.15s;
  transition: border-top 0.15s linear 0.15s;
}

.c0::-webkit-input-placeholder {
  color: rgba(61,38,218,0.5);
}

.c0::-moz-placeholder {
  color: rgba(61,38,218,0.5);
}

.c0:-ms-input-placeholder {
  color: rgba(61,38,218,0.5);
}

.c0::placeholder {
  color: rgba(61,38,218,0.5);
}

.c0:focus {
  border-top: 4px solid #3d26da;
}

<input
  className="c0"
/>
`;
