// Jest Snapshot v1, https://goo.gl/fbAQLP

exports[`renders correctly 1`] = `
.c2 {
  display: -webkit-box;
  display: -webkit-flex;
  display: -ms-flexbox;
  display: flex;
  -webkit-align-items: center;
  -webkit-box-align: center;
  -ms-flex-align: center;
  align-items: center;
  -webkit-box-pack: center;
  -webkit-justify-content: center;
  -ms-flex-pack: center;
  justify-content: center;
  position: absolute;
  right: 0;
  bottom: 0;
  z-index: 99;
  background: #ffffff;
  margin: 0;
  padding: 0;
  width: 2rem;
  height: 2rem;
  font-weight: 600;
  padding-bottom: 0.2rem;
}

.c0 {
  width: 2rem;
  color: #d92f29;
  position: absolute;
  z-index: 9;
  top: 0;
  right: 0;
}

.c1 {
  top: 0.4rem;
  background: transparent;
  color: #ffffff;
  padding-bottom: 0;
}

<div
  className="c0"
>
  <p
    className="c1 c2"
  >
    2
  </p>
  <Banner />
</div>
`;
