// Jest Snapshot v1, https://goo.gl/fbAQLP

exports[`renders correctly 1`] = `
.c0 {
  margin: 0;
  margin-top: 1rem;
  padding: 0;
  list-style: 0;
}

<ul
  className="c0"
/>
`;
