// Jest Snapshot v1, https://goo.gl/fbAQLP

exports[`renders correctly 1`] = `
.c0 {
  display: grid;
  grid-gap: 1rem;
  grid-template-columns: repeat(10,1fr);
  margin: 0;
  padding: 0;
  list-style: none;
}

<ul
  className="c0"
/>
`;
