// Jest Snapshot v1, https://goo.gl/fbAQLP

exports[`renders correctly 1`] = `
.c0 {
  position: relative;
  width: 15rem;
}

<div
  className="c0"
/>
`;
