// Jest Snapshot v1, https://goo.gl/fbAQLP

exports[`renders correctly 1`] = `
.c0 {
  font-size: 3rem;
  font-weight: 600;
  margin: 0;
}

<h1
  className="c0"
/>
`;
