// Jest Snapshot v1, https://goo.gl/fbAQLP

exports[`renders correctly 1`] = `
Array [
  <h1
    className="sc-bwzfXH cgiPFg sc-bdVaJa krEtey"
  >
    Alette's Bracelet
  </h1>,
  <div
    className="sc-htpNat fTHudk"
  >
    <div
      className="sc-gqjmRU iCmtpl"
    >
      <div
        className="sc-bxivhb hMUPsM"
      >
        <img
          className="sc-ifAKCX dKwlvE"
          src="undefinedalettes-bracelet.png"
        />
      </div>
      <div
        className="sc-VigVT cxulEs"
      >
        <svg
          viewBox="0 0 50 90"
          xmlns="http://www.w3.org/2000/svg"
        >
          <path
            d="M50.005 90L25.003 67.452 0 90V0h50.005v90z"
            fill="currentColor"
          />
        </svg>
        <div
          className="sc-jTzLTM cFrlBg"
        >
          <dl
            className="sc-EHOje cGzteA"
          >
            <dt
              className="sc-htoDjs iwPGiT sc-gzVnrw dBHQgL"
            >
              Strength
            </dt>
            <dd
              className="sc-dnqmqq iHimWC"
            >
              <span
                className="sc-gZMcBi kSuIwq"
              >
                +
                1
              </span>
            </dd>
          </dl>
          <dl
            className="sc-EHOje cGzteA"
          >
            <dt
              className="sc-htoDjs iwPGiT sc-gzVnrw dBHQgL"
            >
              Willpower
            </dt>
            <dd
              className="sc-dnqmqq iHimWC"
            >
              <span
                className="sc-gZMcBi kSuIwq"
              >
                +
                1
              </span>
            </dd>
          </dl>
          <dl
            className="sc-EHOje cGzteA"
          >
            <dt
              className="sc-htoDjs iwPGiT sc-gzVnrw dBHQgL"
            >
              Armor
            </dt>
            <dd
              className="sc-dnqmqq iHimWC"
            >
              <span
                className="sc-gZMcBi kSuIwq"
              >
                +
                1
              </span>
            </dd>
          </dl>
        </div>
      </div>
    </div>
    <div
      className="sc-cSHVUG bOtudu"
    >
      <p
        className="sc-kAzzGY iHAUGK"
      >
        Lovingly made by a hunter's wife to keep her daughter safe from harm.
      </p>
      <dl
        className="sc-EHOje eKjpuR"
      >
        <dt
          className="sc-htoDjs foKTTs sc-gzVnrw dBHQgL"
        >
          Part
        </dt>
        <dd
          className="sc-dnqmqq iXQNhl"
        >
          The Banner Saga 1
        </dd>
      </dl>
      <dl
        className="sc-EHOje eKjpuR"
      >
        <dt
          className="sc-htoDjs foKTTs sc-gzVnrw dBHQgL"
        >
          Rank
        </dt>
        <dd
          className="sc-dnqmqq bTKoEE"
        >
          1
        </dd>
      </dl>
      <dl
        className="sc-EHOje eKjpuR"
      >
        <dt
          className="sc-htoDjs foKTTs sc-gzVnrw dBHQgL"
        >
          How to get
        </dt>
        <dd
          className="sc-dnqmqq iXQNhl"
        >
          <strong
            className="sc-jzJRlG gZZLXP"
          >
            Alette
          </strong>
           starts with it
        </dd>
      </dl>
    </div>
  </div>,
]
`;
