// Jest Snapshot v1, https://goo.gl/fbAQLP

exports[`renders correctly 1`] = `
.c0 {
  margin-top: 2rem;
  font-style: italic;
}

<p
  className="c0"
>
  There are no comments here!
</p>
`;
