// Jest Snapshot v1, https://goo.gl/fbAQLP

exports[`renders correctly 1`] = `
.c0 {
  margin-top: 5rem;
  opacity: 0;
  -webkit-animation: abQtS 400ms ease-in forwards 1000ms;
  animation: abQtS 400ms ease-in forwards 1000ms;
  border-top: 1px solid #3d26da;
}

<div
  className="c0"
/>
`;
